LTspice 24.0.12 for Windows
Circuit: * C:\Users\Administrator\Desktop\Motorsport\PUTM_EV_DASHBOARD_TESTBOARD_2025\simulation\reversed_polarity_protection.asc
Start Time: Fri Oct 24 15:24:29 2025
solver = Normal
Maximum thread count: 12
tnom = 27
temp = 27
method = modified trap
Direct Newton iteration failed to find .op point.  (Use ".option noopiter" to skip.)
Starting Gmin stepping
Gmin = 10
Gmin = 1.07374
vernier = 0.5
Gmin = 0.274568
vernier = 0.666667
vernier = 0.888888
Gmin = 0.053011
vernier = 1
Gmin = 0.006089
vernier = 0.5
Gmin = 0.00102156
vernier = 0.25
vernier = 0.125
vernier = 0.0625
vernier = 0.03125
Gmin = 0.00099805
vernier = 0.015625
vernier = 0.0078125
vernier = 0.00390625
vernier = 0.00195312
Gmin = 0.00100047
vernier = 0.000976562
vernier = 0.000488281
Gmin = 0
Gmin stepping succeeded in finding the operating point.

Total elapsed time: 0.242 seconds.

